debug1: OpenSSH_10.2.TLNp1, OpenSSL 3.6.0 1 Oct 2025
debug3: Running on Darwin 25.1.0 Darwin Kernel Version 25.1.0: Mon Oct 20 19:33:36 PDT 2025; root:xnu-12377.41.6~2/RELEASE_ARM64_T6030 arm64
debug3: Started with: ./ssh -v -v -v ssh_test
debug1: Reading configuration data /Users/tln/.ssh/config
debug1: /Users/tln/.ssh/config line 7: Applying options for ssh_test
debug2: resolve_canonicalize: hostname 192.168.56.3 is address
debug3: expanded UserKnownHostsFile '~/.ssh/known_hosts' -> '/Users/tln/.ssh/known_hosts'
debug3: expanded UserKnownHostsFile '~/.ssh/known_hosts2' -> '/Users/tln/.ssh/known_hosts2'
debug1: Authenticator provider $SSH_SK_PROVIDER did not resolve; disabling
debug3: channel_clear_timeouts: clearing
debug3: ssh_connect_direct: entering
debug1: Connecting to 192.168.56.3 [192.168.56.3] port 5000.
debug3: set_sock_tos: set socket 3 IP_TOS 0xb8
debug1: Connection established.
debug3: sshkey_from_blob_internal: SANITY CHECK
debug3: ssh_ml_dsa_deserialize_public: ml-dsa: deserialize public function called
debug3: ssh_ml_dsa_deserialize_public: creating new public key from raw key data
debug1: loaded pubkey from /Users/tln/.ssh/id_ml_dsa_87: ML-DSA SHA256:OmKUs38UGTjifkJBkfSDMCe4i10FmJ7bs55faB8MFiA
debug1: identity file /Users/tln/.ssh/id_ml_dsa_87 type 10
debug1: no identity pubkey loaded from /Users/tln/.ssh/id_ml_dsa_87
debug1: Local version string SSH-2.0-OpenSSH_10.2.TLN
debug1: Remote protocol version 2.0, remote software version OpenSSH_10.2.TLN
debug1: compat_banner: match: OpenSSH_10.2.TLN pat OpenSSH* compat 0x04000000
debug2: fd 3 setting O_NONBLOCK
debug1: Authenticating to 192.168.56.3:5000 as 'ubuntu'
debug3: match_list: Client proposed algorithms: mlkem768x25519-sha256,sntrup761x25519-sha512,sntrup761x25519-sha512@openssh.com,curve25519-sha256,curve25519-sha256@libssh.org,ecdh-sha2-nistp256,ecdh-sha2-nistp384,ecdh-sha2-nistp521,diffie-hellman-group-exchange-sha256,diffie-hellman-group16-sha512,diffie-hellman-group18-sha512,diffie-hellman-group14-sha256
debug3: match_list: Server proposed algorithms: ext-info-c
debug3: match_list: Client proposed algorithms: mlkem768x25519-sha256,sntrup761x25519-sha512,sntrup761x25519-sha512@openssh.com,curve25519-sha256,curve25519-sha256@libssh.org,ecdh-sha2-nistp256,ecdh-sha2-nistp384,ecdh-sha2-nistp521,diffie-hellman-group-exchange-sha256,diffie-hellman-group16-sha512,diffie-hellman-group18-sha512,diffie-hellman-group14-sha256,ext-info-c
debug3: match_list: Server proposed algorithms: kex-strict-c-v00@openssh.com
debug3: send packet: type 20
debug1: SSH2_MSG_KEXINIT sent
debug3: receive packet: type 20
debug1: SSH2_MSG_KEXINIT received
debug2: local client KEXINIT proposal
debug2: KEX algorithms: mlkem768x25519-sha256,sntrup761x25519-sha512,sntrup761x25519-sha512@openssh.com,curve25519-sha256,curve25519-sha256@libssh.org,ecdh-sha2-nistp256,ecdh-sha2-nistp384,ecdh-sha2-nistp521,diffie-hellman-group-exchange-sha256,diffie-hellman-group16-sha512,diffie-hellman-group18-sha512,diffie-hellman-group14-sha256,ext-info-c,kex-strict-c-v00@openssh.com
debug2: host key algorithms: ssh-ml-dsa
debug2: ciphers ctos: chacha20-poly1305@openssh.com,aes128-gcm@openssh.com,aes256-gcm@openssh.com,aes128-ctr,aes192-ctr,aes256-ctr
debug2: ciphers stoc: chacha20-poly1305@openssh.com,aes128-gcm@openssh.com,aes256-gcm@openssh.com,aes128-ctr,aes192-ctr,aes256-ctr
debug2: MACs ctos: umac-64-etm@openssh.com,umac-128-etm@openssh.com,hmac-sha2-256-etm@openssh.com,hmac-sha2-512-etm@openssh.com,hmac-sha1-etm@openssh.com,umac-64@openssh.com,umac-128@openssh.com,hmac-sha2-256,hmac-sha2-512,hmac-sha1
debug2: MACs stoc: umac-64-etm@openssh.com,umac-128-etm@openssh.com,hmac-sha2-256-etm@openssh.com,hmac-sha2-512-etm@openssh.com,hmac-sha1-etm@openssh.com,umac-64@openssh.com,umac-128@openssh.com,hmac-sha2-256,hmac-sha2-512,hmac-sha1
debug2: compression ctos: none,zlib@openssh.com
debug2: compression stoc: none,zlib@openssh.com
debug2: languages ctos: 
debug2: languages stoc: 
debug2: first_kex_follows 0 
debug2: reserved 0 
debug2: peer server KEXINIT proposal
debug2: KEX algorithms: mlkem768x25519-sha256,sntrup761x25519-sha512,sntrup761x25519-sha512@openssh.com,curve25519-sha256,curve25519-sha256@libssh.org,ecdh-sha2-nistp256,ecdh-sha2-nistp384,ecdh-sha2-nistp521,ext-info-s,kex-strict-s-v00@openssh.com
debug2: host key algorithms: 
debug2: ciphers ctos: chacha20-poly1305@openssh.com,aes128-gcm@openssh.com,aes256-gcm@openssh.com,aes128-ctr,aes192-ctr,aes256-ctr
debug2: ciphers stoc: chacha20-poly1305@openssh.com,aes128-gcm@openssh.com,aes256-gcm@openssh.com,aes128-ctr,aes192-ctr,aes256-ctr
debug2: MACs ctos: umac-64-etm@openssh.com,umac-128-etm@openssh.com,hmac-sha2-256-etm@openssh.com,hmac-sha2-512-etm@openssh.com,hmac-sha1-etm@openssh.com,umac-64@openssh.com,umac-128@openssh.com,hmac-sha2-256,hmac-sha2-512,hmac-sha1
debug2: MACs stoc: umac-64-etm@openssh.com,umac-128-etm@openssh.com,hmac-sha2-256-etm@openssh.com,hmac-sha2-512-etm@openssh.com,hmac-sha1-etm@openssh.com,umac-64@openssh.com,umac-128@openssh.com,hmac-sha2-256,hmac-sha2-512,hmac-sha1
debug2: compression ctos: none,zlib@openssh.com
debug2: compression stoc: none,zlib@openssh.com
debug2: languages ctos: 
debug2: languages stoc: 
debug2: first_kex_follows 0 
debug2: reserved 0 
debug3: match_list: Client proposed algorithms: mlkem768x25519-sha256,sntrup761x25519-sha512,sntrup761x25519-sha512@openssh.com,curve25519-sha256,curve25519-sha256@libssh.org,ecdh-sha2-nistp256,ecdh-sha2-nistp384,ecdh-sha2-nistp521,ext-info-s,kex-strict-s-v00@openssh.com
debug3: match_list: Server proposed algorithms: ext-info-s
debug3: match_list: Client proposed algorithms: mlkem768x25519-sha256,sntrup761x25519-sha512,sntrup761x25519-sha512@openssh.com,curve25519-sha256,curve25519-sha256@libssh.org,ecdh-sha2-nistp256,ecdh-sha2-nistp384,ecdh-sha2-nistp521,ext-info-s,kex-strict-s-v00@openssh.com
debug3: match_list: Server proposed algorithms: kex-strict-s-v00@openssh.com
debug3: kex_choose_conf: will use strict KEX ordering
debug3: match_list: Client proposed algorithms: mlkem768x25519-sha256,sntrup761x25519-sha512,sntrup761x25519-sha512@openssh.com,curve25519-sha256,curve25519-sha256@libssh.org,ecdh-sha2-nistp256,ecdh-sha2-nistp384,ecdh-sha2-nistp521,diffie-hellman-group-exchange-sha256,diffie-hellman-group16-sha512,diffie-hellman-group18-sha512,diffie-hellman-group14-sha256,ext-info-c,kex-strict-c-v00@openssh.com
debug3: match_list: Server proposed algorithms: mlkem768x25519-sha256,sntrup761x25519-sha512,sntrup761x25519-sha512@openssh.com,curve25519-sha256,curve25519-sha256@libssh.org,ecdh-sha2-nistp256,ecdh-sha2-nistp384,ecdh-sha2-nistp521,ext-info-s,kex-strict-s-v00@openssh.com
debug1: kex: algorithm: mlkem768x25519-sha256
debug3: match_list: Client proposed algorithms: ssh-ml-dsa
debug3: match_list: Server proposed algorithms: 
debug1: kex: host key algorithm: (no match)
Unable to negotiate with 192.168.56.3 port 5000: no matching host key type found. Their offer: 
